// Jest Snapshot v1, https://goo.gl/fbAQLP

exports[`PageChooser renders 1`] = `
<PageChooser
  browse={[Function]}
  initialParentPageId={null}
  onModalClose={[Function]}
  search={[Function]}
  store={
    Object {
      "dispatch": [Function],
      "getState": [Function],
      "replaceReducer": [Function],
      "subscribe": [Function],
    }
  }
  storeSubscription={
    Subscription {
      "listeners": Object {
        "notify": [Function],
      },
      "onStateChange": [Function],
      "parentSub": undefined,
      "store": Object {
        "dispatch": [Function],
        "getState": [Function],
        "replaceReducer": [Function],
        "subscribe": [Function],
        Symbol(observable): [Function],
      },
      "unsubscribe": null,
    }
  }
/>
`;

exports[`PageChooser renders 2`] = `
<Connect(PageChooser)
  onModalClose={[Function]}
/>
`;
